// Jest Snapshot v1, https://goo.gl/fbAQLP

exports[`AudioFieldAnimationPage component renders correctly 1`] = `
<div
  className="AudioAreaAnimationPage"
>
  <div
    className="Audio"
  >
    <audio
      controls="controls"
      src="default.mp3"
    />
  </div>
  <div
    className="AudioButtons"
  >
    <button
      className="SmallButton btn btn-primary"
      disabled={false}
      onClick={[Function]}
      type="button"
    >
      Record
    </button>
    <button
      className="SmallButton btn btn-primary"
      disabled={true}
      onClick={[Function]}
      type="button"
    >
      Stop
    </button>
    <button
      className="SmallButton btn btn-primary"
      disabled={true}
      onClick={[Function]}
      type="button"
    >
      Download
    </button>
  </div>
</div>
`;
