// Jest Snapshot v1, https://goo.gl/fbAQLP

exports[`ChosenCards Page renders correctly 1`] = `
<div
  className="Page ChosenCardsPage"
>
  <div
    className="TopContainer"
  >
    <div
      className="Logo"
    >
      <h1>
        TILES
      </h1>
    </div>
    <div
      className="infoBox"
    >
      <p>
        To select a card, click on the "Choose!" button!
      </p>
    </div>
  </div>
  <div
    id="charNormalWrapper"
  >
    <div
      className="CharNormal"
    >
      <svg
        className="svgCharacterNormal"
        viewBox="0 0 165 150"
      >
        <g
          className="whole"
        >
          <g
            className="HeadParts"
          >
            <rect
              fill="grey"
              height="35"
              id="head"
              stroke="black"
              width="55"
              x="60"
              y="36"
            />
            <rect
              fill="grey"
              height="15"
              id="lEar"
              stroke="black"
              width="5"
              x="53"
              y="46"
            />
            <rect
              fill="grey"
              height="15"
              id="rEar"
              stroke="black"
              width="5"
              x="117"
              y="46"
            />
            <rect
              fill="grey"
              height="6"
              id="topHead"
              stroke="black"
              width="15"
              x="80"
              y="28"
            />
            <circle
              cx="87.5"
              cy="61"
              fill="red"
              id="smile"
              r="8"
              stroke="black"
            />
            <rect
              fill="grey"
              height="10"
              id="smileRect"
              width="19"
              x="78"
              y="52"
            />
            <line
              id="topSmile"
              stroke="black"
              x1="79"
              x2="96"
              y1="62"
              y2="62"
            />
          </g>
          <g
            className="BodyParts"
          >
            <rect
              fill="grey"
              height="8"
              id="neck"
              stroke="black"
              width="15"
              x="80"
              y="73"
            />
            <rect
              fill="grey"
              height="35"
              id="body"
              stroke="black"
              width="55"
              x="60"
              y="83"
            />
          </g>
        </g>
        <g
          className="LightBulb"
        >
          <g
            className="lightShine"
          >
            <line
              id="lightStick1"
              stroke="black"
              strokeWidth="2"
              x1="77"
              x2="82"
              y1="4"
              y2="9"
            >
              <animate
                attributeName="y1"
                dur="2s"
                keyTimes="0;0.5;1"
                repeatCount="indefinite"
                values="4;5;4"
              />
              <animate
                attributeName="x1"
                dur="2s"
                keyTimes="0;0.5;1"
                repeatCount="indefinite"
                values="77;79;77"
              />
            </line>
            <line
              id="lightStick2"
              stroke="yellow"
              strokeWidth="2"
              x1="83"
              x2="85"
              y1="2"
              y2="8"
            >
              <animate
                attributeName="y1"
                begin="0.5s"
                dur="2s"
                keyTimes="0;0.5;1"
                repeatCount="indefinite"
                values="2;4;2"
              />
              <animate
                attributeName="x1"
                begin="0.5s"
                dur="2s"
                keyTimes="0;0.5;1"
                repeatCount="indefinite"
                values="83;85;83"
              />
            </line>
            <line
              id="lightStick3"
              stroke="black"
              strokeWidth="2"
              x1="91"
              x2="89"
              y1="2"
              y2="8"
            >
              <animate
                attributeName="y1"
                begin="1s"
                dur="2s"
                keyTimes="0;0.5;1"
                repeatCount="indefinite"
                values="2;4;2"
              />
              <animate
                attributeName="x1"
                begin="1s"
                dur="2s"
                keyTimes="0;0.5;1"
                repeatCount="indefinite"
                values="91;90;91"
              />
            </line>
            <line
              id="lightStick4"
              stroke="yellow"
              strokeWidth="2"
              x1="97"
              x2="93"
              y1="4"
              y2="9"
            >
              <animate
                attributeName="y1"
                begin="1.5s"
                dur="2s"
                keyTimes="0;0.5;1"
                repeatCount="indefinite"
                values="4;6;4"
              />
              <animate
                attributeName="x1"
                begin="1.5s"
                dur="2s"
                keyTimes="0;0.5;1"
                repeatCount="indefinite"
                values="97;96;97"
              />
            </line>
          </g>
          <circle
            cx="87.5"
            cy="15"
            fill="yellow"
            id="lightBulb"
            r="5"
            stroke="black"
          />
          <line
            id="lightStickMain"
            stroke="black"
            strokeWidth="2"
            x1="87.5"
            x2="87.5"
            y1="20"
            y2="28"
          />
          <animateTransform
            attributeName="transform"
            attributeType="XML"
            begin="0s"
            dur="3s"
            keyTimes="0; 0.25; 0.5; 0.75; 1"
            repeatCount="indefinite"
            type="rotate"
            values="0 87.5 28; 5 87.5 28; 0 87.5 28; -5 87.5 28; 0 87.5 28;"
          />
        </g>
        <g
          className="eyes"
        >
          <polygon
            fill="black"
            id="eyeL"
            points="75 44, 68 56, 82 56"
          />
          <polygon
            fill="black"
            id="eyeR"
            points="97 44, 90 56, 104 56"
          />
        </g>
        <g
          className="leftArm"
        >
          <g
            className="leftArmOver"
          >
            <circle
              cx="53.5"
              cy="86"
              fill="grey"
              id="shoulderL"
              r="5"
              stroke="black"
            />
            <rect
              fill="grey"
              height="16"
              id="overarmL"
              stroke="black"
              width="7"
              x="50"
              y="93"
            />
          </g>
          <g
            className="leftArmUnder"
          >
            <circle
              cx="53.5"
              cy="115.5"
              fill="grey"
              id="elbowL"
              r="5"
              stroke="black"
            />
            <rect
              fill="grey"
              height="7"
              id="underarmL"
              stroke="black"
              transform="rotate(20 53.5 115.5)"
              width="16"
              x="31"
              y="113"
            />
            <rect
              fill="grey"
              height="5"
              id="handLL"
              stroke="black"
              transform="rotate(10 53.5 115.5)"
              width="13"
              x="16"
              y="112"
            />
            <rect
              fill="grey"
              height="5"
              id="handLR"
              stroke="black"
              transform="rotate(35 53.5 115.5)"
              width="13"
              x="17"
              y="117"
            />
            <animateTransform
              attributeName="transform"
              attributeType="XML"
              begin="0.75s"
              dur="5s"
              keyTimes="0; 0.20; 0.3; 0.4; 0.5; 0.75; 1"
              repeatCount="indefinite"
              type="rotate"
              values="-20 53.5 115.5;-47 53.5 115.5; -20 53.5 115.5; -47 53.5 115.5; -20 53.5 115.5; -20 53.5 115.5; -20 53.5 115.5;"
            />
          </g>
          <animateTransform
            attributeName="transform"
            attributeType="XML"
            begin="0s"
            dur="5s"
            keyTimes="0; 0.25; 0.5; 0.75; 0.90; 1"
            repeatCount="indefinite"
            type="rotate"
            values="5 53.5 86;90 53.5 86; 90 53.5 86; 90 53.5 86; 5 53.5 86; 5 53.5 86;"
          />
        </g>
        <g
          className="rightArm"
        >
          <circle
            cx="121.5"
            cy="86"
            fill="grey"
            id="shoulderR"
            r="5"
            stroke="black"
          />
          <rect
            fill="grey"
            height="16"
            id="overarmR"
            stroke="black"
            width="7"
            x="118"
            y="93"
          />
          <circle
            cx="121.5"
            cy="115.5"
            fill="grey"
            id="elbowR"
            r="5"
            stroke="black"
          />
          <rect
            fill="grey"
            height="7"
            id="underarmR"
            stroke="black"
            transform="rotate(-20 121.5 115.5)"
            width="16"
            x="128"
            y="113"
          />
          <rect
            fill="grey"
            height="5"
            id="handRL"
            stroke="black"
            transform="rotate(-30 140 101)"
            width="13"
            x="140"
            y="103"
          />
          <rect
            fill="grey"
            height="5"
            id="handRR"
            stroke="black"
            transform="rotate(10 145 107)"
            width="13"
            x="145"
            y="107"
          />
        </g>
      </svg>
    </div>
  </div>
  <div
    className="chosenCardsGrid"
  >
    <div
      className="chosenCardsGrid2"
    >
      <div
        id="firstWrapperCardNotChosen"
      >
        <div
          className="wrapperCardNotChosen"
        >
          <img
            alt="test"
            className="noImgChosen"
            src="blankImg.png"
            style={
              Object {
                "border": "#F08A00",
                "borderStyle": "solid",
                "borderWidth": "0.65vw",
              }
            }
          />
          <div
            id="noCardChosenTrigger"
            style={
              Object {
                "color": "#F08A00",
              }
            }
          >
            Trigger
          </div>
          <br />
        </div>
        <div
          id="buttonChosenCardsPage"
        >
          <a
            href="/categories"
            onClick={[Function]}
          >
            <button
              className="chosenCardsButton btn btn-primary"
              disabled={false}
              style={
                Object {
                  "backgroundColor": "#F08A00",
                  "color": "#F3EAC2",
                }
              }
              type="button"
            >
              Choose!
            </button>
          </a>
          
          
        </div>
      </div>
      <div
        id="firstWrapperCardNotChosen"
      >
        <div
          className="wrapperCardNotChosen"
        >
          <img
            alt="test"
            className="noImgChosen"
            src="blankImg.png"
            style={
              Object {
                "border": "#E53D2F",
                "borderStyle": "solid",
                "borderWidth": "0.65vw",
              }
            }
          />
          <div
            id="noCardChosenThings"
            style={
              Object {
                "color": "#E53D2F",
              }
            }
          >
            Things
          </div>
          <br />
        </div>
        <div
          id="buttonChosenCardsPage"
        >
          
          
          
        </div>
      </div>
      <div
        id="firstWrapperCardNotChosen"
      >
        <div
          className="wrapperCardNotChosen"
        >
          <img
            alt="test"
            className="noImgChosen"
            src="blankImg.png"
            style={
              Object {
                "border": "#FFCD00",
                "borderStyle": "solid",
                "borderWidth": "0.65vw",
              }
            }
          />
          <div
            id="noCardChosenFeedback"
            style={
              Object {
                "color": "#FFCD00",
              }
            }
          >
            Feedback
          </div>
          <br />
        </div>
        <div
          id="buttonChosenCardsPage"
        >
          
          
          
        </div>
      </div>
    </div>
  </div>
  <br />
  <a
    href="/animation"
    onClick={[Function]}
  >
    <button
      className="LargeButton btn btn-primary"
      disabled={true}
      style={
        Object {
          "backgroundColor": "#84AD64",
          "color": "#F3EAC2",
        }
      }
      type="button"
    >
      RUN!
    </button>
  </a>
</div>
`;
